
AVRA   Ver. 1.3.0 sttn12.asm Sun Oct 18 15:19:53 2020


         ;******************************************************
         ; 38 kHz switching and 19 kHz pilot carrier generator for FM stereo modulator.
         	
         ;******************************************************
          .list
         ;******************************************************
         
         ;sttn12
         
         ;************* MEMO OF I/O PORT ASSIGNMENTS *************
         
         ;Port B pin assignments
         	;B0		inverted 38 kHz switch to ground
         	;B1		19 kHz output
         	;B2		38 KHz switch to ground
         
         
         ;************* DEFINE FEGISTER USAGE *************
          .def	temp =	r16						 	;Working register.
         				
         
         ;************* ESTABLISH CONSTANTS ************* 
         
          	.equ	ISwitch38	= 0				;Bit 4 on portb is the inverted 38 kHz switch to ground.
          	.equ	Switch38 	= 2				;Bit 6 of portb will have 38 kHz switch to ground.
          	.equ	Sig19 		= 1 				;Bit 5 of portb is the 19 kHz pilot signal.
         
         
         ;************* START EXECUTABLE CODE ************* 
         
          .org $0000
C:000000 c000      	rjmp 	start    				;Vector not needed but it is here for uniformity of implimentation.
         
         
          start:									;COMES HERE AFTER POWER-ON RESET
         ;	ldi 	r16,RAMEND      			;Init Stack Pointer
         ;	out 	SPL,r16						;****NOTE - NO STACK POINTER FOR ATTINY12. BE SURE TO INIT STACK FOR OTHERS!
C:000001 e002      	ldi		temp,0b00000010
C:000002 bb07      	out		ddrb,temp
C:000003 bb08      	out		portb,temp
         	
         		
          main:									;Start main loop - generate 38 kHz switching and 19 kHz signal.										
C:000004 9ac1      	sbi portb,Sig19						;2 cycles	19 kHz high
C:000005 98ba      	cbi	ddrb,Switch38					;2 cycles	38kHz open
C:000006 9ab8      	sbi	ddrb,ISwitch38					;2 cycles	Inverted 38 kHz closed
         
C:000007 e108      	ldi	temp, 24										
          dly1:	
C:000008 950a      	dec temp
C:000009 f7f1      	brne dly1
C:00000a 0000      	nop
C:00000b 0000      	nop
C:00000c 0000      	nop
C:00000d 9aba      	sbi	ddrb,Switch38					;2 cycles   38 kHz closed
C:00000e 98b8      	cbi	ddrb,ISwitch38					;2 cycles	Inverted 3 kHz open
         
         
         									
C:00000f e107      	ldi	temp,23										
          dly2:	
C:000010 950a      	dec temp
C:000011 f7f1      	brne dly2
C:000012 0000      	nop
C:000013 0000      	nop
C:000014 0000      	nop
C:000015 0000      	nop
         
C:000016 98c1      	cbi portb,Sig19						;2 cycles	19 kHz low
C:000017 98ba      	cbi	ddrb,Switch38					;2 cycles   38 kHz open
C:000018 9ab8      	sbi	ddrb,ISwitch38					;2 cycles	Inverted 38 kHz closed
C:000019 0000      	nop
         
C:00001a e108      	ldi	temp, 24										
          dly3:	
C:00001b 950a      	dec temp
C:00001c f7f1      	brne dly3
C:00001d 0000      	nop
C:00001e 0000      	nop
C:00001f 9aba      	sbi	ddrb,Switch38					;2 cycles   38 kHz closed
C:000020 98b8      	cbi	ddrb,ISwitch38					;2 cycles	Inverted 3 kHz open
         
         									
C:000021 e107      ldi	temp, 23										
          dly4:	
C:000022 950a      	dec temp
C:000023 f7f1      	brne dly4
C:000024 0000      	nop
C:000025 0000      	nop	
C:000026 cfdd      	rjmp	main;						;2 Cycles
         
         
          .exit									;Assembler will stop at this line.


Segment usage:
   Code      :        39 words (78 bytes)
   Data      :         0 bytes
   EEPROM    :         0 bytes

Assembly completed with no errors.
